symbols=384 bars=9,936,465 min_quote_vol=2,000 rebalance=144 (12h), 5 start times

                rule   stop   worst%   median%    best%  maxDD%  trades  stops
 chart + breadth 60%     0%     -3.5      14.3     36.5    15.2      55       
 chart + breadth 60%     5%    -31.7      15.4     27.1    15.3      55       
 chart + breadth 60%    10%    -11.4      12.6     36.5    16.1      55       
 chart + breadth 60%    15%     -7.0      13.8     36.5    16.7      55       
 chart + breadth 60%    20%     -3.5       5.7     36.5    22.1      55       
   vol-scaled mom 7d     0%    -46.6     -33.1     13.3    49.7     317       
   vol-scaled mom 7d     5%     -9.5       9.8     55.4    41.7     367       
   vol-scaled mom 7d    10%    -28.3     -14.9     -1.3    44.3     340       
   vol-scaled mom 7d    15%    -26.6     -13.8     11.0    45.9     326       
   vol-scaled mom 7d    20%    -25.8     -14.1     12.2    47.1     320       
symbols=384 bars=9,937,350 min_quote_vol=2,000 rebalance=432 (36h), 5 start times

                rule   stop   worst%   median%    best%  maxDD%  trades  stops
 chart + breadth 60%     0%    -29.8      -3.3     65.6    22.3      24       
 chart + breadth 60%     5%    -22.8       9.2    214.4    15.6      24       
 chart + breadth 60%    10%    -26.7      -1.8    190.3    19.8      24       
 chart + breadth 60%    15%    -30.5     -14.2    189.6    24.9      24       
 chart + breadth 60%    20%    -29.8      -3.3    170.3    20.7      24       
   vol-scaled mom 7d     0%     18.8      69.0     99.6    42.4     152       
   vol-scaled mom 7d     5%     11.9     140.4    162.4    28.6     179       
   vol-scaled mom 7d    10%    -14.2      61.5    179.2    35.9     165       
   vol-scaled mom 7d    15%     28.9      95.4    121.4    36.2     158       
   vol-scaled mom 7d    20%     40.9     105.5    114.9    38.6     153       
